<html>
<body>
<pre>
<h1>µVision Build Log</h1>
<h2>Tool Versions:</h2>
IDE-Version: µVision V5.25.2.0
Copyright (C) 2018 ARM Ltd and ARM Germany GmbH. All rights reserved.
License Information: saba em, fum, LIC=YA330-BLA1F-AQE0M-XW6TE-5LI21-MGCP3
 
Tool Versions:
Toolchain:       MDK-ARM Plus  Version: 5.25.2.0
Toolchain Path:  E:\Keil_v5\ARM\ARMCC\Bin
C Compiler:      Armcc.exe V5.06 update 6 (build 750)
Assembler:       Armasm.exe V5.06 update 6 (build 750)
Linker/Locator:  ArmLink.exe V5.06 update 6 (build 750)
Library Manager: ArmAr.exe V5.06 update 6 (build 750)
Hex Converter:   FromElf.exe V5.06 update 6 (build 750)
CPU DLL:         SARMCM3.DLL V5.25.2.0
Dialog DLL:      DCM.DLL V1.17.1.0
Target DLL:      STLink\ST-LINKIII-KEIL_SWO.dll V3.0.1.0
Dialog DLL:      TCM.DLL V1.35.1.0
 
<h2>Project:</h2>
C:\Users\ITPardaz\Desktop\New folder\s4t2\MDK-ARM\s4t2.uvprojx
Project File Date:  08/05/2020

<h2>Output:</h2>
*** Using Compiler 'V5.06 update 6 (build 750)', folder: 'E:\Keil_v5\ARM\ARMCC\Bin'
Build target 's4t2'
assembling startup_stm32f303xc.s...
compiling stm32f3xx_hal_cortex.c...
compiling stm32f3xx_hal_spi_ex.c...
compiling stm32f3xx_hal_gpio.c...
compiling stm32f3xx_hal_dma.c...
compiling stm32f3xx_hal.c...
compiling stm32f3xx_hal_uart.c...
compiling stm32f3xx_hal_spi.c...
compiling stm32f3xx_hal_uart_ex.c...
compiling stm32f3xx_hal_i2c_ex.c...
compiling stm32f3xx_hal_pcd_ex.c...
compiling stm32f3xx_hal_flash.c...
compiling stm32f3xx_hal_tim_ex.c...
compiling stm32f3xx_hal_pcd.c...
compiling stm32f3xx_hal_i2c.c...
compiling stm32f3xx_hal_flash_ex.c...
compiling stm32f3xx_hal_pwr.c...
compiling system_stm32f3xx.c...
compiling stm32f3xx_hal_pwr_ex.c...
compiling stm32f3xx_hal_rcc_ex.c...
compiling stm32f3xx_hal_tim.c...
compiling stm32f3xx_hal_rcc.c...
compiling main.c...
compiling stm32f3xx_hal_msp.c...
compiling stm32f3xx_it.c...
linking...
Program Size: Code=11208 RO-data=480 RW-data=40 ZI-data=2544  
"s4t2\s4t2.axf" - 0 Error(s), 0 Warning(s).

<h2>Software Packages used:</h2>

Package Vendor: ARM
                http://www.keil.com/pack/ARM.CMSIS.5.3.0.pack
                ARM.CMSIS.5.3.0
                CMSIS (Cortex Microcontroller Software Interface Standard)
   * Component: CORE Version: 5.1.1

Package Vendor: Keil
                http://www.keil.com/pack/Keil.STM32F3xx_DFP.2.1.0.pack
                Keil.STM32F3xx_DFP.2.1.0
                STMicroelectronics STM32F3 Series Device Support and Examples

<h2>Collection of Component include folders:</h2>
  .\RTE\_s4t2
  E:\Keil_v5\ARM\PACK\ARM\CMSIS\5.3.0\CMSIS\Include
  E:\Keil_v5\ARM\PACK\Keil\STM32F3xx_DFP\2.1.0\Drivers\CMSIS\Device\ST\STM32F3xx\Include

<h2>Collection of Component Files used:</h2>

   * Component: ARM::CMSIS:CORE:5.1.1
Build Time Elapsed:  00:00:29
</pre>
</body>
</html>
